main.c:71:6:setTimer3	16	static
main.c:76:6:setTimer2	16	static
main.c:81:6:setTimer1	16	static
main.c:87:6:setTimer0	16	static
main.c:93:6:timerRun	4	static
main.c:133:6:displayLedMatrix	24	static
main.c:362:6:updateLedMatrix	16	static
main.c:392:6:updateClockBuffer	4	static
main.c:400:6:display7SEG	16	static
main.c:438:6:update7SEG	16	static
main.c:483:5:main	8	static
main.c:570:6:SystemClock_Config	72	static
main.c:606:13:MX_TIM2_Init	32	static
main.c:651:13:MX_GPIO_Init	32	static
main.c:702:6:HAL_TIM_PeriodElapsedCallback	16	static
main.c:713:6:Error_Handler	4	static,ignoring_inline_asm
