main.c:71:6:setTimer4	16	static
main.c:76:6:setTimer3	16	static
main.c:81:6:setTimer2	16	static
main.c:86:6:setTimer1	16	static
main.c:92:6:setTimer0	16	static
main.c:98:6:timerRun	4	static
main.c:143:6:displayLedMatrix	24	static
main.c:372:6:updateLedMatrix	16	static
main.c:402:6:updateClockBuffer	4	static
main.c:410:6:display7SEG	16	static
main.c:448:6:update7SEG	16	static
main.c:488:6:updateMatrix_buffer	4	static
main.c:505:5:main	8	static
main.c:599:6:SystemClock_Config	72	static
main.c:635:13:MX_TIM2_Init	32	static
main.c:680:13:MX_GPIO_Init	32	static
main.c:731:6:HAL_TIM_PeriodElapsedCallback	16	static
main.c:742:6:Error_Handler	4	static,ignoring_inline_asm
